ERROR: Unable to locate a modulefile for 'anaconda'
PYTHON: /home/jav021/.conda/envs/keystroke/bin/python
torch 2.8.0+cu128 cuda? True
Sun Apr 12 14:00:59 2026       
+-----------------------------------------------------------------------------------------+
| NVIDIA-SMI 550.144.03             Driver Version: 550.144.03     CUDA Version: 12.4     |
|-----------------------------------------+------------------------+----------------------+
| GPU  Name                 Persistence-M | Bus-Id          Disp.A | Volatile Uncorr. ECC |
| Fan  Temp   Perf          Pwr:Usage/Cap |           Memory-Usage | GPU-Util  Compute M. |
|                                         |                        |               MIG M. |
|=========================================+========================+======================|
|   0  NVIDIA RTX A6000               Off |   00000000:81:00.0 Off |                    0 |
| 30%   26C    P8             26W /  300W |       2MiB /  46068MiB |      0%      Default |
|                                         |                        |                  N/A |
+-----------------------------------------+------------------------+----------------------+
|   1  NVIDIA RTX A6000               Off |   00000000:A1:00.0 Off |                    0 |
| 30%   26C    P8             17W /  300W |       2MiB /  46068MiB |      0%      Default |
|                                         |                        |                  N/A |
+-----------------------------------------+------------------------+----------------------+
|   2  NVIDIA RTX A6000               Off |   00000000:C1:00.0 Off |                    0 |
| 30%   26C    P8             17W /  300W |       2MiB /  46068MiB |      0%      Default |
|                                         |                        |                  N/A |
+-----------------------------------------+------------------------+----------------------+
|   3  NVIDIA RTX A6000               Off |   00000000:E1:00.0 Off |                    0 |
| 30%   28C    P8             17W /  300W |       2MiB /  46068MiB |      0%      Default |
|                                         |                        |                  N/A |
+-----------------------------------------+------------------------+----------------------+
                                                                                         
+-----------------------------------------------------------------------------------------+
| Processes:                                                                              |
|  GPU   GI   CI        PID   Type   Process name                              GPU Memory |
|        ID   ID                                                               Usage      |
|=========================================================================================|
|  No running processes found                                                             |
+-----------------------------------------------------------------------------------------+
Loaded text (247 characters)
Saved predicted keystroke CSV: predicted_keystrokes.csv
  char prev_char  DwellTime  FlightTime  typing_speed
0    H            99.318329         NaN     89.342415
1    e         H  89.793083  265.040375      0.000000
2    l         e  61.537807   27.599472     62.160339
3    l         l  65.209061   93.023476    232.434128
4    o         l  89.347382  271.454834    172.232803
